[backblue.gif]
[fade.gif]
[index.html]
[moodle.marshlandhigh.co.uk/theme/image.php/more/theme/1553590205/favicon.ico]
[moodle.marshlandhigh.co.uk/theme/combo77f0]
[moodle.marshlandhigh.co.uk/theme/styles.php/more/1553590205_1/styles.php]
[moodle.marshlandhigh.co.uk/pluginfile.php/1/theme_more/smalllogo/1553590205/heron.png]
[moodle.marshlandhigh.co.uk/lib/javascript.php/1553590210/lib/javascript.php]
[moodle.marshlandhigh.co.uk/pluginfile.php/2/course/section/2/MHS and Logo.png]
[moodle.marshlandhigh.co.uk/theme/image.php/more/forum/1553590205/icon.svg]
[moodle.marshlandhigh.co.uk/theme/image.php/more/core/1553590205/moodlelogo.svg]
[moodle.marshlandhigh.co.uk/theme/combo245a]
[moodle.marshlandhigh.co.uk/media/player/videojs/videojs/video-js.swf]
[moodle.marshlandhigh.co.uk/index.html]
[moodle.marshlandhigh.co.uk/theme/javascript.php/more/1553590205/javascript.php]
[moodle.marshlandhigh.co.uk/lib/javascript.php/1553590210/lib/requirejs/javascript.php]
[moodle.marshlandhigh.co.uk/theme/sprite_icons488d.png]
[moodle.marshlandhigh.co.uk/theme/combo77f0]
[moodle.marshlandhigh.co.uk/theme/image.php/more/core/1553590205/t/expanded.svg]
[moodle.marshlandhigh.co.uk/theme/image.php/more/core/1553590205/t/collapsed.svg]
[moodle.marshlandhigh.co.uk/theme/image.php/more/mod_forum/1553590205/t/subscribed.svg]
[moodle.marshlandhigh.co.uk/theme/image.php/more/mod_forum/1553590205/t/unsubscribed.svg]
[moodle.marshlandhigh.co.uk/theme/image.php/more/core/1553590205/t/print.svg]
[moodle.marshlandhigh.co.uk/theme/image.php/more/quiz/1553590205/navflagged.png]
[moodle.marshlandhigh.co.uk/mod/wiki/pix/attachment.png]
[moodle.marshlandhigh.co.uk/theme/image.php/more/mod_workshop/1553590205/userplan/task-todo.svg]
[moodle.marshlandhigh.co.uk/theme/image.php/more/mod_workshop/1553590205/userplan/task-done.svg]
[moodle.marshlandhigh.co.uk/theme/image.php/more/mod_workshop/1553590205/userplan/task-fail.svg]
[moodle.marshlandhigh.co.uk/theme/image.php/more/mod_workshop/1553590205/userplan/task-info.svg]
[moodle.marshlandhigh.co.uk/theme/image.php/more/core/1553590205/i/star-rating.png]
[moodle.marshlandhigh.co.uk/theme/image.php/more/core/1553590205/t/collapsed_empty.svg]
[moodle.marshlandhigh.co.uk/theme/image.php/more/core/1553590205/i/loading_small.gif]
[moodle.marshlandhigh.co.uk/theme/font.php/more/media_videojs/1553590205/VideoJS.eot]
[moodle.marshlandhigh.co.uk/theme/styles.php/more/1553590205_1/styles.php]
[moodle.marshlandhigh.co.uk/theme/image.php/more/core/1553590205/help.svg]
[moodle.marshlandhigh.co.uk/login/index.html]
[moodle.marshlandhigh.co.uk/pluginfile.php/25/user/icon/more/f2bca2.jpg]
[moodle.marshlandhigh.co.uk/mod/forum/view681a.html]
[moodle.marshlandhigh.co.uk/theme/image.php/more/forum/1553590205/icon.svg]
[moodle.marshlandhigh.co.uk/course/index.html]
[moodle.marshlandhigh.co.uk/theme/image.php/more/core/1553590205/i/navigationitem.svg]
[moodle.marshlandhigh.co.uk/mod/forum/discuss87dd.html]
[moodle.marshlandhigh.co.uk/mod/forum/view58da.html]
[moodle.marshlandhigh.co.uk/theme/image.php/more/core/1553590205/moodlelogo.svg]
[moodle.marshlandhigh.co.uk/admin/tool/dataprivacy/summary.html]
[moodle.marshlandhigh.co.uk/theme/image.php/more/core/1553590205/t/expanded.svg]
[moodle.marshlandhigh.co.uk/theme/image.php/more/core/1553590205/t/collapsed.svg]
[moodle.marshlandhigh.co.uk/theme/image.php/more/mod_forum/1553590205/t/subscribed.svg]
[moodle.marshlandhigh.co.uk/theme/image.php/more/mod_forum/1553590205/t/unsubscribed.svg]
[moodle.marshlandhigh.co.uk/theme/image.php/more/core/1553590205/t/print.svg]
[moodle.marshlandhigh.co.uk/theme/image.php/more/mod_workshop/1553590205/userplan/task-todo.svg]
[moodle.marshlandhigh.co.uk/theme/image.php/more/mod_workshop/1553590205/userplan/task-done.svg]
[moodle.marshlandhigh.co.uk/theme/image.php/more/mod_workshop/1553590205/userplan/task-fail.svg]
[moodle.marshlandhigh.co.uk/theme/image.php/more/mod_workshop/1553590205/userplan/task-info.svg]
[moodle.marshlandhigh.co.uk/theme/image.php/more/core/1553590205/t/collapsed_empty.svg]
[moodle.marshlandhigh.co.uk/login/forgot_password.html]
[moodle.marshlandhigh.co.uk/help28f0.html]
[moodle.marshlandhigh.co.uk/theme/image.php/more/core/1553590205/help.svg]
[moodle.marshlandhigh.co.uk/helpb8a9.html]
[moodle.marshlandhigh.co.uk/help290c.html]
[moodle.marshlandhigh.co.uk/theme/image.php/more/enrol_self/1553590205/withoutkey.svg]
[moodle.marshlandhigh.co.uk/pluginfile.php/52/course/overviewfiles/notices.png]
[moodle.marshlandhigh.co.uk/theme/image.php/more/core/1553590205/i/course.svg]
[moodle.marshlandhigh.co.uk/course/indexdb90.html]
[moodle.marshlandhigh.co.uk/course/index6ffb.html]
[moodle.marshlandhigh.co.uk/course/indexbc66.html]
[moodle.marshlandhigh.co.uk/theme/image.php/more/core/1553590205/i/navigationitem.svg]
[moodle.marshlandhigh.co.uk/theme/image.php/more/enrol_self/1553590205/withoutkey.svg]
[moodle.marshlandhigh.co.uk/theme/image.php/more/core/1553590205/i/course.svg]
